
> alienx@1.2.1 build
> npm run sync:sigma && npm run bundle:sigma && npm run bundle:yara && npm run generate:samples && tsc && vite build


> alienx@1.2.1 sync:sigma
> node scripts/sync-sigma.js

≡ƒöä Syncing detection rules from upstream repositories...

≡ƒôª SIGMA submodule not initialized. Attempting auto-setup...

ΓÜá∩╕Å  SIGMA rules not available. Skipping...

Γä╣∩╕Å  Chainsaw submodule not initialized, skipping...

≡ƒÄë Detection rules sync complete!

> alienx@1.2.1 bundle:sigma
> node scripts/bundle-sigma-rules.js

≡ƒôª Bundling SIGMA rules by category and platform...

Γ£à [windows] builtin                    324 rules
Γ£à [windows] create_remote_thread        11 rules
Γ£à [windows] create_stream_hash           9 rules
Γ£à [windows] dns_query                   22 rules
Γ£à [windows] driver_load                 10 rules
Γ£à [windows] file                       187 rules
Γ£à [windows] image_load                  99 rules
Γ£à [windows] network_connection          51 rules
Γ£à [windows] pipe_created                17 rules
Γ£à [windows] powershell                 206 rules
Γ£à [windows] process_access              23 rules
Γ£à [windows] process_creation          1167 rules
Γ£à [windows] process_tampering            1 rules
Γ£à [windows] raw_access_thread            1 rules
Γ£à [windows] registry                   247 rules
Γ£à [windows] sysmon                       6 rules
Γ£à [windows] wmi_event                    3 rules
Γ£à [linux] auditd                      53 rules
Γ£à [linux] builtin                     22 rules
Γ£à [linux] file_event                   8 rules
Γ£à [linux] network_connection           5 rules
Γ£à [linux] process_creation           119 rules

≡ƒôè Bundle summary:
- windows: 17 categories, 2384 rules, 3.95 MB
- linux: 5 categories, 207 rules, 0.23 MB
Γ£à Done! Files written to public/sigma-rules/<platform>/


> alienx@1.2.1 bundle:yara
> node scripts/bundle-yara-rules.js

[YARA] Bundled 6360 linux rules -> public/yara-rules/linux.json
[YARA] Bundled 7104 windows rules -> public/yara-rules/windows.json

> alienx@1.2.1 generate:samples
> node scripts/generate-samples-manifest.js

≡ƒôª Generating EVTX samples manifest...

Γ£à Generated manifest with 10 categories
≡ƒôè Total samples: 266
≡ƒô¥ Manifest written to: public/samples-manifest.json

   AutomatedTestingTools            3 samples
   Command and Control              6 samples
   Credential Access               39 samples
   Defense Evasion                 36 samples
   Discovery                       11 samples
   Execution                       34 samples
   Lateral Movement                47 samples
   Other                            2 samples
   Persistence                     22 samples
   Privilege Escalation            66 samples
[36mvite v7.2.4 [32mbuilding client environment for production...[36m[39m
transforming...
[32mΓ£ô[39m 1328 modules transformed.
node.exe : [33mGenerated an empty chunk: "vendor-ui".[39m
At C:\Program Files\nodejs\npm.ps1:29 char:3
+   & $NODE_EXE $NPM_CLI_JS $args
+   ~~~~~~~~~~~~~~~~~~~~~~~~~~~~~
    + CategoryInfo          : NotSpecified: ([33mGenerated ...endor-ui".[39m 
   :String) [], RemoteException
    + FullyQualifiedErrorId : NativeCommandError
 
rendering chunks...
computing gzip size...
[2mdist/[22m[32mindex.html                                     [39m[1m[2m  0.71 kB[22m[1m[22m[2m Γöé gzip:   0.37 kB[22m
[2mdist/[22m[32massets/event-CnyWr2tN.js                       [39m[1m[2m  1.33 kB[22m[1m[22m
[2mdist/[22m[32massets/xmlParseWorker-koyTZRyH.js              [39m[1m[2m  2.41 kB[22m[1m[22m
[2mdist/[22m[32massets/yaraScanWorker-O5Tmwfxd.js              [39m[1m[2m  2.45 kB[22m[1m[22m
[2mdist/[22m[32massets/sigmaScanWorker-DZPQlWTa.js             [39m[1m[2m 24.93 kB[22m[1m[22m
[2mdist/[22m[32massets/evtx_wasm_bg-CgkRjJf_.wasm              [39m[1m[2m645.60 kB[22m[1m[22m[2m Γöé gzip: 230.22 kB[22m
[2mdist/[22m[35massets/Dashboards-Z6R7kVrZ.css                 [39m[1m[2m  1.29 kB[22m[1m[22m[2m Γöé gzip:   0.58 kB[22m
[2mdist/[22m[35massets/RawLogsView-ZHqb3jH9.css                [39m[1m[2m  7.49 kB[22m[1m[22m[2m Γöé gzip:   1.84 kB[22m
[2mdist/[22m[35massets/SigmaPlatformSelector-D4qh8bEn.css      [39m[1m[2m  7.56 kB[22m[1m[22m[2m Γöé gzip:   1.92 kB[22m
[2mdist/[22m[35massets/Timeline-C2_kynzX.css                   [39m[1m[2m  8.90 kB[22m[1m[22m[2m Γöé gzip:   1.90 kB[22m
[2mdist/[22m[35massets/ProcessExecutionDashboard-CYzfw6Nj.css  [39m[1m[2m 12.41 kB[22m[1m[22m[2m Γöé gzip:   2.32 kB[22m
[2mdist/[22m[35massets/LLMAnalysis-BYvO78Vy.css                [39m[1m[2m 13.47 kB[22m[1m[22m[2m Γöé gzip:   2.89 kB[22m
[2mdist/[22m[35massets/EventCorrelation-CQSGjzIf.css           [39m[1m[2m 23.50 kB[22m[1m[22m[2m Γöé gzip:   4.72 kB[22m
[2mdist/[22m[35massets/IOCExtractor-DfV-bVfT.css               [39m[1m[2m 26.01 kB[22m[1m[22m[2m Γöé gzip:   4.45 kB[22m
[2mdist/[22m[35massets/index-VXt3ZXsH.css                      [39m[1m[2m 74.30 kB[22m[1m[22m[2m Γöé gzip:  13.02 kB[22m
[2mdist/[22m[36massets/vendor-ui-l0sNRNKZ.js                   [39m[1m[2m  0.00 kB[22m[1m[22m[2m Γöé gzip:   0.02 kB[22m
[2mdist/[22m[36massets/ollama-KhLCXcma.js                      [39m[1m[2m  1.91 kB[22m[1m[22m[2m Γöé gzip:   0.92 kB[22m
[2mdist/[22m[36massets/autoLoadRules-DQNaHkVL.js               [39m[1m[2m  1.93 kB[22m[1m[22m[2m Γöé gzip:   0.90 kB[22m
[2mdist/[22m[36massets/core-DhEqZVGG.js                        [39m[1m[2m  2.44 kB[22m[1m[22m[2m Γöé gzip:   0.98 kB[22m
[2mdist/[22m[36massets/openai-YlnAwWej.js                      [39m[1m[2m  4.12 kB[22m[1m[22m[2m Γöé gzip:   1.64 kB[22m
[2mdist/[22m[36massets/google-B2TZQzpE.js                      [39m[1m[2m  4.13 kB[22m[1m[22m[2m Γöé gzip:   1.59 kB[22m
[2mdist/[22m[36massets/anthropic-DnCKh8VS.js                   [39m[1m[2m  4.61 kB[22m[1m[22m[2m Γöé gzip:   1.70 kB[22m
[2mdist/[22m[36massets/Dashboards-dW3JppJk.js                  [39m[1m[2m  5.76 kB[22m[1m[22m[2m Γöé gzip:   2.10 kB[22m
[2mdist/[22m[36massets/RarityAnalysis-Bns4LcRP.js              [39m[1m[2m  5.77 kB[22m[1m[22m[2m Γöé gzip:   2.22 kB[22m
[2mdist/[22m[36massets/evtx_wasm_loader-CWIqoAwD.js            [39m[1m[2m  6.84 kB[22m[1m[22m[2m Γöé gzip:   2.50 kB[22m
[2mdist/[22m[36massets/SigmaPlatformSelector-CvARcZfL.js       [39m[1m[2m  7.14 kB[22m[1m[22m[2m Γöé gzip:   2.71 kB[22m
[2mdist/[22m[36massets/YaraRuleLab-Jy7mavyK.js                 [39m[1m[2m 10.46 kB[22m[1m[22m[2m Γöé gzip:   2.77 kB[22m
[2mdist/[22m[36massets/Timeline-Dc38lzjB.js                    [39m[1m[2m 11.45 kB[22m[1m[22m[2m Γöé gzip:   3.41 kB[22m
[2mdist/[22m[36massets/RawLogsView-BLBSwn4t.js                 [39m[1m[2m 17.99 kB[22m[1m[22m[2m Γöé gzip:   6.38 kB[22m
[2mdist/[22m[36massets/purify.es-CovBOfck.js                   [39m[1m[2m 22.58 kB[22m[1m[22m[2m Γöé gzip:   8.67 kB[22m
[2mdist/[22m[36massets/LLMAnalysis-CmSDo-_n.js                 [39m[1m[2m 32.76 kB[22m[1m[22m[2m Γöé gzip:  10.51 kB[22m
[2mdist/[22m[36massets/ProcessExecutionDashboard-zilFJhNB.js   [39m[1m[2m 34.51 kB[22m[1m[22m[2m Γöé gzip:  10.13 kB[22m
[2mdist/[22m[36massets/EventCorrelation-BhbFYvet.js            [39m[1m[2m 36.19 kB[22m[1m[22m[2m Γöé gzip:  10.71 kB[22m
[2mdist/[22m[36massets/IOCExtractor-Cgiox0eA.js                [39m[1m[2m 50.51 kB[22m[1m[22m[2m Γöé gzip:  14.82 kB[22m
[2mdist/[22m[36massets/vendor-llm-anthropic-Cibc1Axn.js        [39m[1m[2m 67.53 kB[22m[1m[22m[2m Γöé gzip:  18.76 kB[22m
[2mdist/[22m[36massets/vendor-markdown-Bnirb4wp.js             [39m[1m[2m118.41 kB[22m[1m[22m[2m Γöé gzip:  36.55 kB[22m
[2mdist/[22m[36massets/index.es-BHP6gY1S.js                    [39m[1m[2m158.60 kB[22m[1m[22m[2m Γöé gzip:  52.93 kB[22m
[2mdist/[22m[36massets/html2canvas.esm-Ge7aVWlp.js             [39m[1m[2m201.40 kB[22m[1m[22m[2m Γöé gzip:  47.48 kB[22m
[2mdist/[22m[36massets/vendor-llm-google-m9kvjjUq.js           [39m[1m[2m215.08 kB[22m[1m[22m[2m Γöé gzip:  38.63 kB[22m
[2mdist/[22m[36massets/index-DbGNIhV6.js                       [39m[1m[2m413.45 kB[22m[1m[22m[2m Γöé gzip: 125.41 kB[22m
[2mdist/[22m[36massets/xlsx-BvJTHLik.js                        [39m[1m[2m429.37 kB[22m[1m[22m[2m Γöé gzip: 142.99 kB[22m
[2mdist/[22m[36massets/vendor-llm-openai-CAAIQuwd.js           [39m[1m[2m486.12 kB[22m[1m[22m[2m Γöé gzip: 152.59 kB[22m
[2mdist/[22m[36massets/vendor-charts-FnxWBQed.js               [39m[1m[33m563.13 kB[39m[22m[2m Γöé gzip: 159.14 kB[22m
[33m
(!) Some chunks are larger than 500 kB after minification. Consider:
- Using dynamic import() to code-split the application
- Use build.rollupOptions.output.manualChunks to improve chunking: 
https://rollupjs.org/configuration-options/#output-manualchunks
- Adjust chunk size limit for this warning via 
build.chunkSizeWarningLimit.[39m
[32mΓ£ô built in 9.49s[39m
Copied: samples\EVTX-ATTACK-SAMPLES\AutomatedTestingTools\Malware\DE_timestomp_and_dll_sideloading_and_RunPersist.evtx -> dist\samples\EVTX-ATTACK-SAMPLES\AutomatedTestingTools\Malware\DE_timestomp_and_dll_sideloading_and_RunPersist.evtx
Copied: samples\EVTX-ATTACK-SAMPLES\AutomatedTestingTools\Malware\rundll32_cmd_schtask.evtx -> dist\samples\EVTX-ATTACK-SAMPLES\AutomatedTestingTools\Malware\rundll32_cmd_schtask.evtx
Copied: samples\EVTX-ATTACK-SAMPLES\AutomatedTestingTools\Malware\rundll32_hollowing_wermgr_masquerading.evtx -> dist\samples\EVTX-ATTACK-SAMPLES\AutomatedTestingTools\Malware\rundll32_hollowing_wermgr_masquerading.evtx
Copied: samples\EVTX-ATTACK-SAMPLES\AutomatedTestingTools\Malware\sideloading_injection_persistence_run_key.evtx -> dist\samples\EVTX-ATTACK-SAMPLES\AutomatedTestingTools\Malware\sideloading_injection_persistence_run_key.evtx
Copied: samples\EVTX-ATTACK-SAMPLES\AutomatedTestingTools\Malware\sideloading_uacbypass_rundll32_injection_c2.evtx -> dist\samples\EVTX-ATTACK-SAMPLES\AutomatedTestingTools\Malware\sideloading_uacbypass_rundll32_injection_c2.evtx
Copied: samples\EVTX-ATTACK-SAMPLES\AutomatedTestingTools\PanacheSysmon_vs_AtomicRedTeam01.evtx -> dist\samples\EVTX-ATTACK-SAMPLES\AutomatedTestingTools\PanacheSysmon_vs_AtomicRedTeam01.evtx
Copied: samples\EVTX-ATTACK-SAMPLES\AutomatedTestingTools\panache_sysmon_vs_EDRTestingScript.evtx -> dist\samples\EVTX-ATTACK-SAMPLES\AutomatedTestingTools\panache_sysmon_vs_EDRTestingScript.evtx
Copied: samples\EVTX-ATTACK-SAMPLES\AutomatedTestingTools\WinDefender_Events_1117_1116_AtomicRedTeam.evtx -> dist\samples\EVTX-ATTACK-SAMPLES\AutomatedTestingTools\WinDefender_Events_1117_1116_AtomicRedTeam.evtx
Copied: samples\EVTX-ATTACK-SAMPLES\Command and Control\bits_openvpn.evtx -> dist\samples\EVTX-ATTACK-SAMPLES\Command and Control\bits_openvpn.evtx
Copied: samples\EVTX-ATTACK-SAMPLES\Command and Control\DE_RDP_Tunneling_4624.evtx -> dist\samples\EVTX-ATTACK-SAMPLES\Command and Control\DE_RDP_Tunneling_4624.evtx
Copied: samples\EVTX-ATTACK-SAMPLES\Command and Control\DE_RDP_Tunneling_TerminalServices-RemoteConnectionManagerOperational_1149.evtx -> dist\samples\EVTX-ATTACK-SAMPLES\Command and Control\DE_RDP_Tunneling_TerminalServices-RemoteConnectionManagerOperational_1149.evtx
Copied: samples\EVTX-ATTACK-SAMPLES\Command and Control\DE_RDP_Tunnel_5156.evtx -> dist\samples\EVTX-ATTACK-SAMPLES\Command and Control\DE_RDP_Tunnel_5156.evtx
Copied: samples\EVTX-ATTACK-SAMPLES\Command and Control\DE_sysmon-3-rdp-tun.evtx -> dist\samples\EVTX-ATTACK-SAMPLES\Command and Control\DE_sysmon-3-rdp-tun.evtx
Copied: samples\EVTX-ATTACK-SAMPLES\Command and Control\tunna_iis_rdp_smb_tunneling_sysmon_3.evtx -> dist\samples\EVTX-ATTACK-SAMPLES\Command and Control\tunna_iis_rdp_smb_tunneling_sysmon_3.evtx
Copied: samples\EVTX-ATTACK-SAMPLES\Credential Access\4794_DSRM_password_change_t1098.evtx -> dist\samples\EVTX-ATTACK-SAMPLES\Credential Access\4794_DSRM_password_change_t1098.evtx
Copied: samples\EVTX-ATTACK-SAMPLES\Credential Access\ACL_ForcePwd_SPNAdd_User_Computer_Accounts.evtx -> dist\samples\EVTX-ATTACK-SAMPLES\Credential Access\ACL_ForcePwd_SPNAdd_User_Computer_Accounts.evtx
Copied: samples\EVTX-ATTACK-SAMPLES\Credential Access\babyshark_mimikatz_powershell.evtx -> dist\samples\EVTX-ATTACK-SAMPLES\Credential Access\babyshark_mimikatz_powershell.evtx
Copied: samples\EVTX-ATTACK-SAMPLES\Credential Access\CA_4624_4625_LogonType2_LogonProc_chrome.evtx -> dist\samples\EVTX-ATTACK-SAMPLES\Credential Access\CA_4624_4625_LogonType2_LogonProc_chrome.evtx
Copied: samples\EVTX-ATTACK-SAMPLES\Credential Access\CA_chrome_firefox_opera_4663.evtx -> dist\samples\EVTX-ATTACK-SAMPLES\Credential Access\CA_chrome_firefox_opera_4663.evtx
Copied: samples\EVTX-ATTACK-SAMPLES\Credential Access\CA_DCSync_4662.evtx -> dist\samples\EVTX-ATTACK-SAMPLES\Credential Access\CA_DCSync_4662.evtx
Copied: samples\EVTX-ATTACK-SAMPLES\Credential Access\CA_hashdump_4663_4656_lsass_access.evtx -> dist\samples\EVTX-ATTACK-SAMPLES\Credential Access\CA_hashdump_4663_4656_lsass_access.evtx
Copied: samples\EVTX-ATTACK-SAMPLES\Credential Access\CA_keefarce_keepass_credump.evtx -> dist\samples\EVTX-ATTACK-SAMPLES\Credential Access\CA_keefarce_keepass_credump.evtx
Copied: samples\EVTX-ATTACK-SAMPLES\Credential Access\CA_keepass_KeeThief_Get-KeePassDatabaseKey.evtx -> dist\samples\EVTX-ATTACK-SAMPLES\Credential Access\CA_keepass_KeeThief_Get-KeePassDatabaseKey.evtx
Copied: samples\EVTX-ATTACK-SAMPLES\Credential Access\CA_Mimikatz_Memssp_Default_Logs_Sysmon_11.evtx -> dist\samples\EVTX-ATTACK-SAMPLES\Credential Access\CA_Mimikatz_Memssp_Default_Logs_Sysmon_11.evtx
Copied: samples\EVTX-ATTACK-SAMPLES\Credential Access\CA_PetiPotam_etw_rpc_efsr_5_6.evtx -> dist\samples\EVTX-ATTACK-SAMPLES\Credential Access\CA_PetiPotam_etw_rpc_efsr_5_6.evtx
Copied: samples\EVTX-ATTACK-SAMPLES\Credential Access\CA_protectedstorage_5145_rpc_masterkey.evtx -> dist\samples\EVTX-ATTACK-SAMPLES\Credential Access\CA_protectedstorage_5145_rpc_masterkey.evtx
Copied: samples\EVTX-ATTACK-SAMPLES\Credential Access\CA_sysmon_hashdump_cmd_meterpreter.evtx -> dist\samples\EVTX-ATTACK-SAMPLES\Credential Access\CA_sysmon_hashdump_cmd_meterpreter.evtx
Copied: samples\EVTX-ATTACK-SAMPLES\Credential Access\CA_teamviewer-dumper_sysmon_10.evtx -> dist\samples\EVTX-ATTACK-SAMPLES\Credential Access\CA_teamviewer-dumper_sysmon_10.evtx
Copied: samples\EVTX-ATTACK-SAMPLES\Credential Access\dc_applog_ntdsutil_dfir_325_326_327.evtx -> dist\samples\EVTX-ATTACK-SAMPLES\Credential Access\dc_applog_ntdsutil_dfir_325_326_327.evtx
Copied: samples\EVTX-ATTACK-SAMPLES\Credential Access\discovery_sysmon_1_iis_pwd_and_config_discovery_appcmd.evtx -> dist\samples\EVTX-ATTACK-SAMPLES\Credential Access\discovery_sysmon_1_iis_pwd_and_config_discovery_appcmd.evtx
Copied: samples\EVTX-ATTACK-SAMPLES\Credential Access\etw_rpc_zerologon.evtx -> dist\samples\EVTX-ATTACK-SAMPLES\Credential Access\etw_rpc_zerologon.evtx
Copied: samples\EVTX-ATTACK-SAMPLES\Credential Access\kerberos_pwd_spray_4771.evtx -> dist\samples\EVTX-ATTACK-SAMPLES\Credential Access\kerberos_pwd_spray_4771.evtx
Copied: samples\EVTX-ATTACK-SAMPLES\Credential Access\LsassSilentProcessExit_process_exit_monitor_3001_lsass.evtx -> dist\samples\EVTX-ATTACK-SAMPLES\Credential Access\LsassSilentProcessExit_process_exit_monitor_3001_lsass.evtx
Copied: samples\EVTX-ATTACK-SAMPLES\Credential Access\MSSQL_multiple_failed_logon_EventID_18456.evtx -> dist\samples\EVTX-ATTACK-SAMPLES\Credential Access\MSSQL_multiple_failed_logon_EventID_18456.evtx
Copied: samples\EVTX-ATTACK-SAMPLES\Credential Access\phish_windows_credentials_powershell_scriptblockLog_4104.evtx -> dist\samples\EVTX-ATTACK-SAMPLES\Credential Access\phish_windows_credentials_powershell_scriptblockLog_4104.evtx
Copied: samples\EVTX-ATTACK-SAMPLES\Credential Access\Powershell_4104_MiniDumpWriteDump_Lsass.evtx -> dist\samples\EVTX-ATTACK-SAMPLES\Credential Access\Powershell_4104_MiniDumpWriteDump_Lsass.evtx
Copied: samples\EVTX-ATTACK-SAMPLES\Credential Access\ppl_bypass_ppldump_knowdll_hijack_sysmon_security.evtx -> dist\samples\EVTX-ATTACK-SAMPLES\Credential Access\ppl_bypass_ppldump_knowdll_hijack_sysmon_security.evtx
Copied: samples\EVTX-ATTACK-SAMPLES\Credential Access\remote_pwd_reset_rpc_mimikatz_postzerologon_target_DC.evtx -> dist\samples\EVTX-ATTACK-SAMPLES\Credential Access\remote_pwd_reset_rpc_mimikatz_postzerologon_target_DC.evtx
Copied: samples\EVTX-ATTACK-SAMPLES\Credential Access\remote_sam_registry_access_via_backup_operator_priv.evtx -> dist\samples\EVTX-ATTACK-SAMPLES\Credential Access\remote_sam_registry_access_via_backup_operator_priv.evtx
Copied: samples\EVTX-ATTACK-SAMPLES\Credential Access\Sysmon13_MachineAccount_Password_Hash_Changed_via_LsarSetSecret.evtx -> dist\samples\EVTX-ATTACK-SAMPLES\Credential Access\Sysmon13_MachineAccount_Password_Hash_Changed_via_LsarSetSecret.evtx
Copied: samples\EVTX-ATTACK-SAMPLES\Credential Access\sysmon17_18_kekeo_tsssp_default_np.evtx -> dist\samples\EVTX-ATTACK-SAMPLES\Credential Access\sysmon17_18_kekeo_tsssp_default_np.evtx
Copied: samples\EVTX-ATTACK-SAMPLES\Credential Access\sysmon_10_11_lsass_memdump.evtx -> dist\samples\EVTX-ATTACK-SAMPLES\Credential Access\sysmon_10_11_lsass_memdump.evtx
Copied: samples\EVTX-ATTACK-SAMPLES\Credential Access\sysmon_10_11_outlfank_dumpert_and_andrewspecial_memdump.evtx -> dist\samples\EVTX-ATTACK-SAMPLES\Credential Access\sysmon_10_11_outlfank_dumpert_and_andrewspecial_memdump.evtx
Copied: samples\EVTX-ATTACK-SAMPLES\Credential Access\sysmon_10_1_memdump_comsvcs_minidump.evtx -> dist\samples\EVTX-ATTACK-SAMPLES\Credential Access\sysmon_10_1_memdump_comsvcs_minidump.evtx
Copied: samples\EVTX-ATTACK-SAMPLES\Credential Access\sysmon_10_lsass_mimikatz_sekurlsa_logonpasswords.evtx -> dist\samples\EVTX-ATTACK-SAMPLES\Credential Access\sysmon_10_lsass_mimikatz_sekurlsa_logonpasswords.evtx
Copied: samples\EVTX-ATTACK-SAMPLES\Credential Access\sysmon_13_keylogger_directx.evtx -> dist\samples\EVTX-ATTACK-SAMPLES\Credential Access\sysmon_13_keylogger_directx.evtx
Copied: samples\EVTX-ATTACK-SAMPLES\Credential Access\Sysmon_13_Local_Admin_Password_Changed.evtx -> dist\samples\EVTX-ATTACK-SAMPLES\Credential Access\Sysmon_13_Local_Admin_Password_Changed.evtx
Copied: samples\EVTX-ATTACK-SAMPLES\Credential Access\sysmon_2x10_lsass_with_different_pid_RtlCreateProcessReflection.evtx -> dist\samples\EVTX-ATTACK-SAMPLES\Credential Access\sysmon_2x10_lsass_with_different_pid_RtlCreateProcessReflection.evtx
Copied: samples\EVTX-ATTACK-SAMPLES\Credential Access\sysmon_3_10_Invoke-Mimikatz_hosted_Github.evtx -> dist\samples\EVTX-ATTACK-SAMPLES\Credential Access\sysmon_3_10_Invoke-Mimikatz_hosted_Github.evtx
Copied: samples\EVTX-ATTACK-SAMPLES\Credential Access\sysmon_rdrleakdiag_lsass_dump.evtx -> dist\samples\EVTX-ATTACK-SAMPLES\Credential Access\sysmon_rdrleakdiag_lsass_dump.evtx
Copied: samples\EVTX-ATTACK-SAMPLES\Credential Access\tutto_malseclogon.evtx -> dist\samples\EVTX-ATTACK-SAMPLES\Credential Access\tutto_malseclogon.evtx
Copied: samples\EVTX-ATTACK-SAMPLES\Credential Access\Zerologon_CVE-2020-1472_DFIR_System_NetLogon_Error_EventID_5805.evtx -> dist\samples\EVTX-ATTACK-SAMPLES\Credential Access\Zerologon_CVE-2020-1472_DFIR_System_NetLogon_Error_EventID_5805.evtx
Copied: samples\EVTX-ATTACK-SAMPLES\Credential Access\Zerologon_VoidSec_CVE-2020-1472_4626_LT3_Anonym_follwedby_4742_DC_Anony_DC.evtx -> dist\samples\EVTX-ATTACK-SAMPLES\Credential Access\Zerologon_VoidSec_CVE-2020-1472_4626_LT3_Anonym_follwedby_4742_DC_Anony_DC.evtx
Copied: samples\EVTX-ATTACK-SAMPLES\Defense Evasion\apt10_jjs_sideloading_prochollowing_persist_as_service_sysmon_1_7_8_13.evtx -> dist\samples\EVTX-ATTACK-SAMPLES\Defense Evasion\apt10_jjs_sideloading_prochollowing_persist_as_service_sysmon_1_7_8_13.evtx
Copied: samples\EVTX-ATTACK-SAMPLES\Defense Evasion\DE_104_system_log_cleared.evtx -> dist\samples\EVTX-ATTACK-SAMPLES\Defense Evasion\DE_104_system_log_cleared.evtx
Copied: samples\EVTX-ATTACK-SAMPLES\Defense Evasion\DE_1102_security_log_cleared.evtx -> dist\samples\EVTX-ATTACK-SAMPLES\Defense Evasion\DE_1102_security_log_cleared.evtx
Copied: samples\EVTX-ATTACK-SAMPLES\Defense Evasion\DE_BYOV_Zam64_CA_Memdump_sysmon_7_10.evtx -> dist\samples\EVTX-ATTACK-SAMPLES\Defense Evasion\DE_BYOV_Zam64_CA_Memdump_sysmon_7_10.evtx
Copied: samples\EVTX-ATTACK-SAMPLES\Defense Evasion\DE_EventLog_Service_Crashed.evtx -> dist\samples\EVTX-ATTACK-SAMPLES\Defense Evasion\DE_EventLog_Service_Crashed.evtx
Copied: samples\EVTX-ATTACK-SAMPLES\Defense Evasion\DE_Fake_ComputerAccount_4720.evtx -> dist\samples\EVTX-ATTACK-SAMPLES\Defense Evasion\DE_Fake_ComputerAccount_4720.evtx
Copied: samples\EVTX-ATTACK-SAMPLES\Defense Evasion\de_hiding_files_via_attrib_cmdlet.evtx -> dist\samples\EVTX-ATTACK-SAMPLES\Defense Evasion\de_hiding_files_via_attrib_cmdlet.evtx
Copied: samples\EVTX-ATTACK-SAMPLES\Defense Evasion\DE_KernelDebug_and_TestSigning_ON_Security_4826.evtx -> dist\samples\EVTX-ATTACK-SAMPLES\Defense Evasion\DE_KernelDebug_and_TestSigning_ON_Security_4826.evtx
Copied: samples\EVTX-ATTACK-SAMPLES\Defense Evasion\de_portforward_netsh_rdp_sysmon_13_1.evtx -> dist\samples\EVTX-ATTACK-SAMPLES\Defense Evasion\de_portforward_netsh_rdp_sysmon_13_1.evtx
Copied: samples\EVTX-ATTACK-SAMPLES\Defense Evasion\DE_Powershell_CLM_Disabled_Sysmon_12.evtx -> dist\samples\EVTX-ATTACK-SAMPLES\Defense Evasion\DE_Powershell_CLM_Disabled_Sysmon_12.evtx
Copied: samples\EVTX-ATTACK-SAMPLES\Defense Evasion\de_powershell_execpolicy_changed_sysmon_13.evtx -> dist\samples\EVTX-ATTACK-SAMPLES\Defense Evasion\de_powershell_execpolicy_changed_sysmon_13.evtx
Copied: samples\EVTX-ATTACK-SAMPLES\Defense Evasion\DE_ProcessHerpaderping_Sysmon_11_10_1_7.evtx -> dist\samples\EVTX-ATTACK-SAMPLES\Defense Evasion\DE_ProcessHerpaderping_Sysmon_11_10_1_7.evtx
Copied: samples\EVTX-ATTACK-SAMPLES\Defense Evasion\de_PsScriptBlockLogging_disabled_sysmon12_13.evtx -> dist\samples\EVTX-ATTACK-SAMPLES\Defense Evasion\de_PsScriptBlockLogging_disabled_sysmon12_13.evtx
Copied: samples\EVTX-ATTACK-SAMPLES\Defense Evasion\DE_remote_eventlog_svc_crash_byt3bl33d3r_sysmon_17_1_3.evtx -> dist\samples\EVTX-ATTACK-SAMPLES\Defense Evasion\DE_remote_eventlog_svc_crash_byt3bl33d3r_sysmon_17_1_3.evtx
Copied: samples\EVTX-ATTACK-SAMPLES\Defense Evasion\DE_renamed_psexec_service_sysmon_17_18.evtx -> dist\samples\EVTX-ATTACK-SAMPLES\Defense Evasion\DE_renamed_psexec_service_sysmon_17_18.evtx
Copied: samples\EVTX-ATTACK-SAMPLES\Defense Evasion\DE_suspicious_remote_eventlog_svc_access_5145.evtx -> dist\samples\EVTX-ATTACK-SAMPLES\Defense Evasion\DE_suspicious_remote_eventlog_svc_access_5145.evtx
Copied: samples\EVTX-ATTACK-SAMPLES\Defense Evasion\de_sysmon_13_VBA_Security_AccessVBOM.evtx -> dist\samples\EVTX-ATTACK-SAMPLES\Defense Evasion\de_sysmon_13_VBA_Security_AccessVBOM.evtx
Copied: samples\EVTX-ATTACK-SAMPLES\Defense Evasion\DE_UAC_Disabled_Sysmon_12_13.evtx -> dist\samples\EVTX-ATTACK-SAMPLES\Defense Evasion\DE_UAC_Disabled_Sysmon_12_13.evtx
Copied: samples\EVTX-ATTACK-SAMPLES\Defense Evasion\de_unmanagedpowershell_psinject_sysmon_7_8_10.evtx -> dist\samples\EVTX-ATTACK-SAMPLES\Defense Evasion\de_unmanagedpowershell_psinject_sysmon_7_8_10.evtx
Copied: samples\EVTX-ATTACK-SAMPLES\Defense Evasion\DE_WinEventLogSvc_Crash_System_7036.evtx -> dist\samples\EVTX-ATTACK-SAMPLES\Defense Evasion\DE_WinEventLogSvc_Crash_System_7036.evtx
Copied: samples\EVTX-ATTACK-SAMPLES\Defense Evasion\DE_xp_cmdshell_enabled_MSSQL_EID_15457.evtx -> dist\samples\EVTX-ATTACK-SAMPLES\Defense Evasion\DE_xp_cmdshell_enabled_MSSQL_EID_15457.evtx
Copied: samples\EVTX-ATTACK-SAMPLES\Defense Evasion\DSE_bypass_BYOV_TDL_dummydriver_sysmon_6_7_13.evtx -> dist\samples\EVTX-ATTACK-SAMPLES\Defense Evasion\DSE_bypass_BYOV_TDL_dummydriver_sysmon_6_7_13.evtx
Copied: samples\EVTX-ATTACK-SAMPLES\Defense Evasion\evasion_codeinj_odzhan_conhost_sysmon_10_1.evtx -> dist\samples\EVTX-ATTACK-SAMPLES\Defense Evasion\evasion_codeinj_odzhan_conhost_sysmon_10_1.evtx
Copied: samples\EVTX-ATTACK-SAMPLES\Defense Evasion\evasion_codeinj_odzhan_spoolsv_sysmon_10_1.evtx -> dist\samples\EVTX-ATTACK-SAMPLES\Defense Evasion\evasion_codeinj_odzhan_spoolsv_sysmon_10_1.evtx
Copied: samples\EVTX-ATTACK-SAMPLES\Defense Evasion\faxhell_sysmon_7_1_18_3_bindshell_dllhijack.evtx -> dist\samples\EVTX-ATTACK-SAMPLES\Defense Evasion\faxhell_sysmon_7_1_18_3_bindshell_dllhijack.evtx
Copied: samples\EVTX-ATTACK-SAMPLES\Defense Evasion\meterpreter_migrate_to_explorer_sysmon_8.evtx -> dist\samples\EVTX-ATTACK-SAMPLES\Defense Evasion\meterpreter_migrate_to_explorer_sysmon_8.evtx
Copied: samples\EVTX-ATTACK-SAMPLES\Defense Evasion\process_suspend_sysmon_10_ga_800.evtx -> dist\samples\EVTX-ATTACK-SAMPLES\Defense Evasion\process_suspend_sysmon_10_ga_800.evtx
Copied: samples\EVTX-ATTACK-SAMPLES\Defense Evasion\sideloading_wwlib_sysmon_7_1_11.evtx -> dist\samples\EVTX-ATTACK-SAMPLES\Defense Evasion\sideloading_wwlib_sysmon_7_1_11.evtx
Copied: samples\EVTX-ATTACK-SAMPLES\Defense Evasion\Sysmon 7  Update Session Orchestrator Dll Hijack.evtx -> dist\samples\EVTX-ATTACK-SAMPLES\Defense Evasion\Sysmon 7  Update Session Orchestrator Dll Hijack.evtx
Copied: samples\EVTX-ATTACK-SAMPLES\Defense Evasion\Sysmon 7 dllhijack_cdpsshims_CDPSvc.evtx -> dist\samples\EVTX-ATTACK-SAMPLES\Defense Evasion\Sysmon 7 dllhijack_cdpsshims_CDPSvc.evtx
Copied: samples\EVTX-ATTACK-SAMPLES\Defense Evasion\sysmon_10_1_ppid_spoofing.evtx -> dist\samples\EVTX-ATTACK-SAMPLES\Defense Evasion\sysmon_10_1_ppid_spoofing.evtx
Copied: samples\EVTX-ATTACK-SAMPLES\Defense Evasion\Sysmon_10_Evasion_Suspicious_NtOpenProcess_CallTrace.evtx -> dist\samples\EVTX-ATTACK-SAMPLES\Defense Evasion\Sysmon_10_Evasion_Suspicious_NtOpenProcess_CallTrace.evtx
Copied: samples\EVTX-ATTACK-SAMPLES\Defense Evasion\Sysmon_12_DE_AntiForensics_MRU_DeleteKey.evtx -> dist\samples\EVTX-ATTACK-SAMPLES\Defense Evasion\Sysmon_12_DE_AntiForensics_MRU_DeleteKey.evtx
Copied: samples\EVTX-ATTACK-SAMPLES\Defense Evasion\sysmon_13_rdp_settings_tampering.evtx -> dist\samples\EVTX-ATTACK-SAMPLES\Defense Evasion\sysmon_13_rdp_settings_tampering.evtx
Copied: samples\EVTX-ATTACK-SAMPLES\Defense Evasion\sysmon_2_11_evasion_timestomp_MACE.evtx -> dist\samples\EVTX-ATTACK-SAMPLES\Defense Evasion\sysmon_2_11_evasion_timestomp_MACE.evtx
Copied: samples\EVTX-ATTACK-SAMPLES\Defense Evasion\Win_4985_T1186_Process_Doppelganging.evtx -> dist\samples\EVTX-ATTACK-SAMPLES\Defense Evasion\Win_4985_T1186_Process_Doppelganging.evtx
Copied: samples\EVTX-ATTACK-SAMPLES\Discovery\4799_remote_local_groups_enumeration.evtx -> dist\samples\EVTX-ATTACK-SAMPLES\Discovery\4799_remote_local_groups_enumeration.evtx
Copied: samples\EVTX-ATTACK-SAMPLES\Discovery\dicovery_4661_net_group_domain_admins_target.evtx -> dist\samples\EVTX-ATTACK-SAMPLES\Discovery\dicovery_4661_net_group_domain_admins_target.evtx
Copied: samples\EVTX-ATTACK-SAMPLES\Discovery\discovery_bloodhound.evtx -> dist\samples\EVTX-ATTACK-SAMPLES\Discovery\discovery_bloodhound.evtx
Copied: samples\EVTX-ATTACK-SAMPLES\Discovery\discovery_enum_shares_target_sysmon_3_18.evtx -> dist\samples\EVTX-ATTACK-SAMPLES\Discovery\discovery_enum_shares_target_sysmon_3_18.evtx
Copied: samples\EVTX-ATTACK-SAMPLES\Discovery\discovery_local_user_or_group_windows_security_4799_4798.evtx -> dist\samples\EVTX-ATTACK-SAMPLES\Discovery\discovery_local_user_or_group_windows_security_4799_4798.evtx
Copied: samples\EVTX-ATTACK-SAMPLES\Discovery\discovery_meterpreter_ps_cmd_process_listing_sysmon_10.evtx -> dist\samples\EVTX-ATTACK-SAMPLES\Discovery\discovery_meterpreter_ps_cmd_process_listing_sysmon_10.evtx
Copied: samples\EVTX-ATTACK-SAMPLES\Discovery\discovery_psloggedon.evtx -> dist\samples\EVTX-ATTACK-SAMPLES\Discovery\discovery_psloggedon.evtx
Copied: samples\EVTX-ATTACK-SAMPLES\Discovery\Discovery_Remote_System_NamedPipes_Sysmon_18.evtx -> dist\samples\EVTX-ATTACK-SAMPLES\Discovery\Discovery_Remote_System_NamedPipes_Sysmon_18.evtx
Copied: samples\EVTX-ATTACK-SAMPLES\Discovery\discovery_sysmon_18_Invoke_UserHunter_NetSessionEnum_DC-srvsvc.evtx -> dist\samples\EVTX-ATTACK-SAMPLES\Discovery\discovery_sysmon_18_Invoke_UserHunter_NetSessionEnum_DC-srvsvc.evtx
Copied: samples\EVTX-ATTACK-SAMPLES\Discovery\discovery_sysmon_3_Invoke_UserHunter_SourceMachine.evtx -> dist\samples\EVTX-ATTACK-SAMPLES\Discovery\discovery_sysmon_3_Invoke_UserHunter_SourceMachine.evtx
Copied: samples\EVTX-ATTACK-SAMPLES\Discovery\discovery_UEFI_Settings_rweverything_sysmon_6.evtx -> dist\samples\EVTX-ATTACK-SAMPLES\Discovery\discovery_UEFI_Settings_rweverything_sysmon_6.evtx
Copied: samples\EVTX-ATTACK-SAMPLES\Execution\evasion_execution_imageload_wuauclt_lolbas.evtx -> dist\samples\EVTX-ATTACK-SAMPLES\Execution\evasion_execution_imageload_wuauclt_lolbas.evtx
Copied: samples\EVTX-ATTACK-SAMPLES\Execution\execution_evasion_visual_studio_prebuild_event.evtx -> dist\samples\EVTX-ATTACK-SAMPLES\Execution\execution_evasion_visual_studio_prebuild_event.evtx
Copied: samples\EVTX-ATTACK-SAMPLES\Execution\exec_driveby_cve-2018-15982_sysmon_1_10.evtx -> dist\samples\EVTX-ATTACK-SAMPLES\Execution\exec_driveby_cve-2018-15982_sysmon_1_10.evtx
Copied: samples\EVTX-ATTACK-SAMPLES\Execution\exec_msxsl_xsl_sysmon_1_7.evtx -> dist\samples\EVTX-ATTACK-SAMPLES\Execution\exec_msxsl_xsl_sysmon_1_7.evtx
Copied: samples\EVTX-ATTACK-SAMPLES\Execution\exec_persist_rundll32_mshta_scheduledtask_sysmon_1_3_11.evtx -> dist\samples\EVTX-ATTACK-SAMPLES\Execution\exec_persist_rundll32_mshta_scheduledtask_sysmon_1_3_11.evtx
Copied: samples\EVTX-ATTACK-SAMPLES\Execution\exec_sysmon_1_11_lolbin_rundll32_openurl_FileProtocolHandler.evtx -> dist\samples\EVTX-ATTACK-SAMPLES\Execution\exec_sysmon_1_11_lolbin_rundll32_openurl_FileProtocolHandler.evtx
Copied: samples\EVTX-ATTACK-SAMPLES\Execution\exec_sysmon_1_11_lolbin_rundll32_shdocvw_openurl.evtx -> dist\samples\EVTX-ATTACK-SAMPLES\Execution\exec_sysmon_1_11_lolbin_rundll32_shdocvw_openurl.evtx
Copied: samples\EVTX-ATTACK-SAMPLES\Execution\exec_sysmon_1_11_lolbin_rundll32_zipfldr_RouteTheCall.evtx -> dist\samples\EVTX-ATTACK-SAMPLES\Execution\exec_sysmon_1_11_lolbin_rundll32_zipfldr_RouteTheCall.evtx
Copied: samples\EVTX-ATTACK-SAMPLES\Execution\exec_sysmon_1_7_jscript9_defense_evasion.evtx -> dist\samples\EVTX-ATTACK-SAMPLES\Execution\exec_sysmon_1_7_jscript9_defense_evasion.evtx
Copied: samples\EVTX-ATTACK-SAMPLES\Execution\exec_sysmon_1_ftp.evtx -> dist\samples\EVTX-ATTACK-SAMPLES\Execution\exec_sysmon_1_ftp.evtx
Copied: samples\EVTX-ATTACK-SAMPLES\Execution\exec_sysmon_1_lolbin_pcalua.evtx -> dist\samples\EVTX-ATTACK-SAMPLES\Execution\exec_sysmon_1_lolbin_pcalua.evtx
Copied: samples\EVTX-ATTACK-SAMPLES\Execution\exec_sysmon_1_lolbin_renamed_regsvr32_scrobj.evtx -> dist\samples\EVTX-ATTACK-SAMPLES\Execution\exec_sysmon_1_lolbin_renamed_regsvr32_scrobj.evtx
Copied: samples\EVTX-ATTACK-SAMPLES\Execution\exec_sysmon_1_lolbin_rundll32_advpack_RegisterOCX.evtx -> dist\samples\EVTX-ATTACK-SAMPLES\Execution\exec_sysmon_1_lolbin_rundll32_advpack_RegisterOCX.evtx
Copied: samples\EVTX-ATTACK-SAMPLES\Execution\exec_sysmon_1_rundll32_pcwutl_LaunchApplication.evtx -> dist\samples\EVTX-ATTACK-SAMPLES\Execution\exec_sysmon_1_rundll32_pcwutl_LaunchApplication.evtx
Copied: samples\EVTX-ATTACK-SAMPLES\Execution\exec_sysmon_lobin_regsvr32_sct.evtx -> dist\samples\EVTX-ATTACK-SAMPLES\Execution\exec_sysmon_lobin_regsvr32_sct.evtx
Copied: samples\EVTX-ATTACK-SAMPLES\Execution\Exec_sysmon_meterpreter_reversetcp_msipackage.evtx -> dist\samples\EVTX-ATTACK-SAMPLES\Execution\Exec_sysmon_meterpreter_reversetcp_msipackage.evtx
Copied: samples\EVTX-ATTACK-SAMPLES\Execution\Exec_via_cpl_Application_Experience_EventID_17_ControlPanelApplet.evtx -> dist\samples\EVTX-ATTACK-SAMPLES\Execution\Exec_via_cpl_Application_Experience_EventID_17_ControlPanelApplet.evtx
Copied: samples\EVTX-ATTACK-SAMPLES\Execution\exec_wmic_xsl_internet_sysmon_3_1_11.evtx -> dist\samples\EVTX-ATTACK-SAMPLES\Execution\exec_wmic_xsl_internet_sysmon_3_1_11.evtx
Copied: samples\EVTX-ATTACK-SAMPLES\Execution\revshell_cmd_svchost_sysmon_1.evtx -> dist\samples\EVTX-ATTACK-SAMPLES\Execution\revshell_cmd_svchost_sysmon_1.evtx
Copied: samples\EVTX-ATTACK-SAMPLES\Execution\rogue_msi_url_1040_1042.evtx -> dist\samples\EVTX-ATTACK-SAMPLES\Execution\rogue_msi_url_1040_1042.evtx
Copied: samples\EVTX-ATTACK-SAMPLES\Execution\susp_explorer_exec.evtx -> dist\samples\EVTX-ATTACK-SAMPLES\Execution\susp_explorer_exec.evtx
Copied: samples\EVTX-ATTACK-SAMPLES\Execution\susp_explorer_exec_root_cmdline_@rimpq_@CyberRaiju.evtx -> dist\samples\EVTX-ATTACK-SAMPLES\Execution\susp_explorer_exec_root_cmdline_@rimpq_@CyberRaiju.evtx
Copied: samples\EVTX-ATTACK-SAMPLES\Execution\sysmon_11_1_lolbas_downldr_desktopimgdownldr.evtx -> dist\samples\EVTX-ATTACK-SAMPLES\Execution\sysmon_11_1_lolbas_downldr_desktopimgdownldr.evtx
Copied: samples\EVTX-ATTACK-SAMPLES\Execution\sysmon_1_11_rundll32_cpl_ostap.evtx -> dist\samples\EVTX-ATTACK-SAMPLES\Execution\sysmon_1_11_rundll32_cpl_ostap.evtx
Copied: samples\EVTX-ATTACK-SAMPLES\Execution\Sysmon_Exec_CompiledHTML.evtx -> dist\samples\EVTX-ATTACK-SAMPLES\Execution\Sysmon_Exec_CompiledHTML.evtx
Copied: samples\EVTX-ATTACK-SAMPLES\Execution\sysmon_exec_from_vss_persistence.evtx -> dist\samples\EVTX-ATTACK-SAMPLES\Execution\sysmon_exec_from_vss_persistence.evtx
Copied: samples\EVTX-ATTACK-SAMPLES\Execution\sysmon_lolbas_rundll32_zipfldr_routethecall_shell.evtx -> dist\samples\EVTX-ATTACK-SAMPLES\Execution\sysmon_lolbas_rundll32_zipfldr_routethecall_shell.evtx
Copied: samples\EVTX-ATTACK-SAMPLES\Execution\sysmon_lolbin_bohops_vshadow_exec.evtx -> dist\samples\EVTX-ATTACK-SAMPLES\Execution\sysmon_lolbin_bohops_vshadow_exec.evtx
Copied: samples\EVTX-ATTACK-SAMPLES\Execution\Sysmon_meterpreter_ReflectivePEInjection_to_notepad_.evtx -> dist\samples\EVTX-ATTACK-SAMPLES\Execution\Sysmon_meterpreter_ReflectivePEInjection_to_notepad_.evtx
Copied: samples\EVTX-ATTACK-SAMPLES\Execution\sysmon_mshta_sharpshooter_stageless_meterpreter.evtx -> dist\samples\EVTX-ATTACK-SAMPLES\Execution\sysmon_mshta_sharpshooter_stageless_meterpreter.evtx
Copied: samples\EVTX-ATTACK-SAMPLES\Execution\sysmon_vbs_sharpshooter_stageless_meterpreter.evtx -> dist\samples\EVTX-ATTACK-SAMPLES\Execution\sysmon_vbs_sharpshooter_stageless_meterpreter.evtx
Copied: samples\EVTX-ATTACK-SAMPLES\Execution\sysmon_zipexec.evtx -> dist\samples\EVTX-ATTACK-SAMPLES\Execution\sysmon_zipexec.evtx
Copied: samples\EVTX-ATTACK-SAMPLES\Execution\temp_scheduled_task_4698_4699.evtx -> dist\samples\EVTX-ATTACK-SAMPLES\Execution\temp_scheduled_task_4698_4699.evtx
Copied: samples\EVTX-ATTACK-SAMPLES\Execution\windows_bits_4_59_60_lolbas desktopimgdownldr.evtx -> dist\samples\EVTX-ATTACK-SAMPLES\Execution\windows_bits_4_59_60_lolbas desktopimgdownldr.evtx
Copied: samples\EVTX-ATTACK-SAMPLES\Lateral Movement\dfir_rdpsharp_target_RdpCoreTs_168_68_131.evtx -> dist\samples\EVTX-ATTACK-SAMPLES\Lateral Movement\dfir_rdpsharp_target_RdpCoreTs_168_68_131.evtx
Copied: samples\EVTX-ATTACK-SAMPLES\Lateral Movement\DFIR_RDP_Client_TimeZone_RdpCoreTs_104_example.evtx -> dist\samples\EVTX-ATTACK-SAMPLES\Lateral Movement\DFIR_RDP_Client_TimeZone_RdpCoreTs_104_example.evtx
Copied: samples\EVTX-ATTACK-SAMPLES\Lateral Movement\ImpersonateUser-via local Pass The Hash Sysmon and Security.evtx -> dist\samples\EVTX-ATTACK-SAMPLES\Lateral Movement\ImpersonateUser-via local Pass The Hash Sysmon and Security.evtx
Copied: samples\EVTX-ATTACK-SAMPLES\Lateral Movement\lateral_movement_startup_3_11.evtx -> dist\samples\EVTX-ATTACK-SAMPLES\Lateral Movement\lateral_movement_startup_3_11.evtx
Copied: samples\EVTX-ATTACK-SAMPLES\Lateral Movement\LM_4624_mimikatz_sekurlsa_pth_source_machine.evtx -> dist\samples\EVTX-ATTACK-SAMPLES\Lateral Movement\LM_4624_mimikatz_sekurlsa_pth_source_machine.evtx
Copied: samples\EVTX-ATTACK-SAMPLES\Lateral Movement\LM_5145_Remote_FileCopy.evtx -> dist\samples\EVTX-ATTACK-SAMPLES\Lateral Movement\LM_5145_Remote_FileCopy.evtx
Copied: samples\EVTX-ATTACK-SAMPLES\Lateral Movement\LM_add_new_namedpipe_tp_nullsession_registry_turla_like_ttp.evtx -> dist\samples\EVTX-ATTACK-SAMPLES\Lateral Movement\LM_add_new_namedpipe_tp_nullsession_registry_turla_like_ttp.evtx
Copied: samples\EVTX-ATTACK-SAMPLES\Lateral Movement\LM_DCOM_MSHTA_LethalHTA_Sysmon_3_1.evtx -> dist\samples\EVTX-ATTACK-SAMPLES\Lateral Movement\LM_DCOM_MSHTA_LethalHTA_Sysmon_3_1.evtx
Copied: samples\EVTX-ATTACK-SAMPLES\Lateral Movement\LM_dcom_shwnd_shbrwnd_mmc20_failed_traces_system_10016.evtx -> dist\samples\EVTX-ATTACK-SAMPLES\Lateral Movement\LM_dcom_shwnd_shbrwnd_mmc20_failed_traces_system_10016.evtx
Copied: samples\EVTX-ATTACK-SAMPLES\Lateral Movement\LM_ImageLoad_NFSH_Sysmon_7.evtx -> dist\samples\EVTX-ATTACK-SAMPLES\Lateral Movement\LM_ImageLoad_NFSH_Sysmon_7.evtx
Copied: samples\EVTX-ATTACK-SAMPLES\Lateral Movement\LM_impacket_docmexec_mmc_sysmon_01.evtx -> dist\samples\EVTX-ATTACK-SAMPLES\Lateral Movement\LM_impacket_docmexec_mmc_sysmon_01.evtx
Copied: samples\EVTX-ATTACK-SAMPLES\Lateral Movement\LM_NewShare_Added_Sysmon_12_13.evtx -> dist\samples\EVTX-ATTACK-SAMPLES\Lateral Movement\LM_NewShare_Added_Sysmon_12_13.evtx
Copied: samples\EVTX-ATTACK-SAMPLES\Lateral Movement\LM_PowershellRemoting_sysmon_1_wsmprovhost.evtx -> dist\samples\EVTX-ATTACK-SAMPLES\Lateral Movement\LM_PowershellRemoting_sysmon_1_wsmprovhost.evtx
Copied: samples\EVTX-ATTACK-SAMPLES\Lateral Movement\LM_regsvc_DirectoryServiceExtPt_Lsass_NTDS_AdamXpn.evtx -> dist\samples\EVTX-ATTACK-SAMPLES\Lateral Movement\LM_regsvc_DirectoryServiceExtPt_Lsass_NTDS_AdamXpn.evtx
Copied: samples\EVTX-ATTACK-SAMPLES\Lateral Movement\LM_REMCOM_5145_TargetHost.evtx -> dist\samples\EVTX-ATTACK-SAMPLES\Lateral Movement\LM_REMCOM_5145_TargetHost.evtx
Copied: samples\EVTX-ATTACK-SAMPLES\Lateral Movement\lm_remote_registry_sysmon_1_13_3.evtx -> dist\samples\EVTX-ATTACK-SAMPLES\Lateral Movement\lm_remote_registry_sysmon_1_13_3.evtx
Copied: samples\EVTX-ATTACK-SAMPLES\Lateral Movement\LM_Remote_Service01_5145_svcctl.evtx -> dist\samples\EVTX-ATTACK-SAMPLES\Lateral Movement\LM_Remote_Service01_5145_svcctl.evtx
Copied: samples\EVTX-ATTACK-SAMPLES\Lateral Movement\LM_Remote_Service02_7045.evtx -> dist\samples\EVTX-ATTACK-SAMPLES\Lateral Movement\LM_Remote_Service02_7045.evtx
Copied: samples\EVTX-ATTACK-SAMPLES\Lateral Movement\LM_renamed_psexecsvc_5145.evtx -> dist\samples\EVTX-ATTACK-SAMPLES\Lateral Movement\LM_renamed_psexecsvc_5145.evtx
Copied: samples\EVTX-ATTACK-SAMPLES\Lateral Movement\LM_ScheduledTask_ATSVC_target_host.evtx -> dist\samples\EVTX-ATTACK-SAMPLES\Lateral Movement\LM_ScheduledTask_ATSVC_target_host.evtx
Copied: samples\EVTX-ATTACK-SAMPLES\Lateral Movement\lm_sysmon_18_remshell_over_namedpipe.evtx -> dist\samples\EVTX-ATTACK-SAMPLES\Lateral Movement\lm_sysmon_18_remshell_over_namedpipe.evtx
Copied: samples\EVTX-ATTACK-SAMPLES\Lateral Movement\LM_sysmon_1_12_13_3_tsclient_SharpRdp.evtx -> dist\samples\EVTX-ATTACK-SAMPLES\Lateral Movement\LM_sysmon_1_12_13_3_tsclient_SharpRdp.evtx
Copied: samples\EVTX-ATTACK-SAMPLES\Lateral Movement\LM_sysmon_3_12_13_1_SharpRDP.evtx -> dist\samples\EVTX-ATTACK-SAMPLES\Lateral Movement\LM_sysmon_3_12_13_1_SharpRDP.evtx
Copied: samples\EVTX-ATTACK-SAMPLES\Lateral Movement\LM_sysmon_3_DCOM_ShellBrowserWindow_ShellWindows.evtx -> dist\samples\EVTX-ATTACK-SAMPLES\Lateral Movement\LM_sysmon_3_DCOM_ShellBrowserWindow_ShellWindows.evtx
Copied: samples\EVTX-ATTACK-SAMPLES\Lateral Movement\LM_sysmon_psexec_smb_meterpreter.evtx -> dist\samples\EVTX-ATTACK-SAMPLES\Lateral Movement\LM_sysmon_psexec_smb_meterpreter.evtx
Copied: samples\EVTX-ATTACK-SAMPLES\Lateral Movement\LM_sysmon_remote_task_src_powershell.evtx -> dist\samples\EVTX-ATTACK-SAMPLES\Lateral Movement\LM_sysmon_remote_task_src_powershell.evtx
Copied: samples\EVTX-ATTACK-SAMPLES\Lateral Movement\LM_tsclient_startup_folder.evtx -> dist\samples\EVTX-ATTACK-SAMPLES\Lateral Movement\LM_tsclient_startup_folder.evtx
Copied: samples\EVTX-ATTACK-SAMPLES\Lateral Movement\LM_typical_IIS_webshell_sysmon_1_10_traces.evtx -> dist\samples\EVTX-ATTACK-SAMPLES\Lateral Movement\LM_typical_IIS_webshell_sysmon_1_10_traces.evtx
Copied: samples\EVTX-ATTACK-SAMPLES\Lateral Movement\LM_winrm_exec_sysmon_1_winrshost.evtx -> dist\samples\EVTX-ATTACK-SAMPLES\Lateral Movement\LM_winrm_exec_sysmon_1_winrshost.evtx
Copied: samples\EVTX-ATTACK-SAMPLES\Lateral Movement\LM_winrm_target_wrmlogs_91_wsmanShellStarted_poorLog.evtx -> dist\samples\EVTX-ATTACK-SAMPLES\Lateral Movement\LM_winrm_target_wrmlogs_91_wsmanShellStarted_poorLog.evtx
Copied: samples\EVTX-ATTACK-SAMPLES\Lateral Movement\LM_WMIC_4648_rpcss.evtx -> dist\samples\EVTX-ATTACK-SAMPLES\Lateral Movement\LM_WMIC_4648_rpcss.evtx
Copied: samples\EVTX-ATTACK-SAMPLES\Lateral Movement\LM_wmiexec_impacket_sysmon_whoami.evtx -> dist\samples\EVTX-ATTACK-SAMPLES\Lateral Movement\LM_wmiexec_impacket_sysmon_whoami.evtx
Copied: samples\EVTX-ATTACK-SAMPLES\Lateral Movement\LM_WMI_4624_4688_TargetHost.evtx -> dist\samples\EVTX-ATTACK-SAMPLES\Lateral Movement\LM_WMI_4624_4688_TargetHost.evtx
Copied: samples\EVTX-ATTACK-SAMPLES\Lateral Movement\LM_wmi_PoisonHandler_Mr-Un1k0d3r_sysmon_1_13.evtx -> dist\samples\EVTX-ATTACK-SAMPLES\Lateral Movement\LM_wmi_PoisonHandler_Mr-Un1k0d3r_sysmon_1_13.evtx
Copied: samples\EVTX-ATTACK-SAMPLES\Lateral Movement\LM_xp_cmdshell_MSSQL_Events.evtx -> dist\samples\EVTX-ATTACK-SAMPLES\Lateral Movement\LM_xp_cmdshell_MSSQL_Events.evtx
Copied: samples\EVTX-ATTACK-SAMPLES\Lateral Movement\MSSQL_15281_xp_cmdshell_exec_failed_attempt.evtx -> dist\samples\EVTX-ATTACK-SAMPLES\Lateral Movement\MSSQL_15281_xp_cmdshell_exec_failed_attempt.evtx
Copied: samples\EVTX-ATTACK-SAMPLES\Lateral Movement\net_share_drive_5142.evtx -> dist\samples\EVTX-ATTACK-SAMPLES\Lateral Movement\net_share_drive_5142.evtx
Copied: samples\EVTX-ATTACK-SAMPLES\Lateral Movement\powercat_revShell_sysmon_1_3.evtx -> dist\samples\EVTX-ATTACK-SAMPLES\Lateral Movement\powercat_revShell_sysmon_1_3.evtx
Copied: samples\EVTX-ATTACK-SAMPLES\Lateral Movement\remote task update 4624 4702 same logonid.evtx -> dist\samples\EVTX-ATTACK-SAMPLES\Lateral Movement\remote task update 4624 4702 same logonid.evtx
Copied: samples\EVTX-ATTACK-SAMPLES\Lateral Movement\RemotePowerShell_MS_Windows-Remote_Management_EventID_169.evtx -> dist\samples\EVTX-ATTACK-SAMPLES\Lateral Movement\RemotePowerShell_MS_Windows-Remote_Management_EventID_169.evtx
Copied: samples\EVTX-ATTACK-SAMPLES\Lateral Movement\remote_file_copy_system_proc_file_write_sysmon_11.evtx -> dist\samples\EVTX-ATTACK-SAMPLES\Lateral Movement\remote_file_copy_system_proc_file_write_sysmon_11.evtx
Copied: samples\EVTX-ATTACK-SAMPLES\Lateral Movement\sharprdp_sysmon_7_mstscax.dll.evtx -> dist\samples\EVTX-ATTACK-SAMPLES\Lateral Movement\sharprdp_sysmon_7_mstscax.dll.evtx
Copied: samples\EVTX-ATTACK-SAMPLES\Lateral Movement\smbmap_upload_exec_sysmon.evtx -> dist\samples\EVTX-ATTACK-SAMPLES\Lateral Movement\smbmap_upload_exec_sysmon.evtx
Copied: samples\EVTX-ATTACK-SAMPLES\Lateral Movement\smb_bi_auth_conn_spoolsample.evtx -> dist\samples\EVTX-ATTACK-SAMPLES\Lateral Movement\smb_bi_auth_conn_spoolsample.evtx
Copied: samples\EVTX-ATTACK-SAMPLES\Lateral Movement\spoolsample_5145.evtx -> dist\samples\EVTX-ATTACK-SAMPLES\Lateral Movement\spoolsample_5145.evtx
Copied: samples\EVTX-ATTACK-SAMPLES\Lateral Movement\sysmon_1_exec_via_sql_xpcmdshell.evtx -> dist\samples\EVTX-ATTACK-SAMPLES\Lateral Movement\sysmon_1_exec_via_sql_xpcmdshell.evtx
Copied: samples\EVTX-ATTACK-SAMPLES\Lateral Movement\wmi_remote_registry_sysmon.evtx -> dist\samples\EVTX-ATTACK-SAMPLES\Lateral Movement\wmi_remote_registry_sysmon.evtx
Copied: samples\EVTX-ATTACK-SAMPLES\Other\emotet\exec_emotet_ps_4104.evtx -> dist\samples\EVTX-ATTACK-SAMPLES\Other\emotet\exec_emotet_ps_4104.evtx
Copied: samples\EVTX-ATTACK-SAMPLES\Other\emotet\exec_emotet_ps_800_get-item.evtx -> dist\samples\EVTX-ATTACK-SAMPLES\Other\emotet\exec_emotet_ps_800_get-item.evtx
Copied: samples\EVTX-ATTACK-SAMPLES\Other\emotet\exec_emotet_ps_800_invoke-item.evtx -> dist\samples\EVTX-ATTACK-SAMPLES\Other\emotet\exec_emotet_ps_800_invoke-item.evtx
Copied: samples\EVTX-ATTACK-SAMPLES\Other\emotet\exec_emotet_ps_800_new-item.evtx -> dist\samples\EVTX-ATTACK-SAMPLES\Other\emotet\exec_emotet_ps_800_new-item.evtx
Copied: samples\EVTX-ATTACK-SAMPLES\Other\emotet\exec_emotet_ps_800_new-object.evtx -> dist\samples\EVTX-ATTACK-SAMPLES\Other\emotet\exec_emotet_ps_800_new-object.evtx
Copied: samples\EVTX-ATTACK-SAMPLES\Other\emotet\exec_emotet_sysmon_1.evtx -> dist\samples\EVTX-ATTACK-SAMPLES\Other\emotet\exec_emotet_sysmon_1.evtx
Copied: samples\EVTX-ATTACK-SAMPLES\Other\maldoc_mshta_via_shellbrowserwind_rundll32.evtx -> dist\samples\EVTX-ATTACK-SAMPLES\Other\maldoc_mshta_via_shellbrowserwind_rundll32.evtx
Copied: samples\EVTX-ATTACK-SAMPLES\Other\rdpcorets_148_mst120_bluekeep_rpdscan_full.evtx -> dist\samples\EVTX-ATTACK-SAMPLES\Other\rdpcorets_148_mst120_bluekeep_rpdscan_full.evtx
Copied: samples\EVTX-ATTACK-SAMPLES\Persistence\DACL_DCSync_Right_Powerview_ Add-DomainObjectAcl.evtx -> dist\samples\EVTX-ATTACK-SAMPLES\Persistence\DACL_DCSync_Right_Powerview_ Add-DomainObjectAcl.evtx
Copied: samples\EVTX-ATTACK-SAMPLES\Persistence\evasion_persis_hidden_run_keyvalue_sysmon_13.evtx -> dist\samples\EVTX-ATTACK-SAMPLES\Persistence\evasion_persis_hidden_run_keyvalue_sysmon_13.evtx
Copied: samples\EVTX-ATTACK-SAMPLES\Persistence\Network_Service_Guest_added_to_admins_4732.evtx -> dist\samples\EVTX-ATTACK-SAMPLES\Persistence\Network_Service_Guest_added_to_admins_4732.evtx
Copied: samples\EVTX-ATTACK-SAMPLES\Persistence\persistence_accessibility_features_osk_sysmon1.evtx -> dist\samples\EVTX-ATTACK-SAMPLES\Persistence\persistence_accessibility_features_osk_sysmon1.evtx
Copied: samples\EVTX-ATTACK-SAMPLES\Persistence\persistence_hidden_local_account_sysmon.evtx -> dist\samples\EVTX-ATTACK-SAMPLES\Persistence\persistence_hidden_local_account_sysmon.evtx
Copied: samples\EVTX-ATTACK-SAMPLES\Persistence\persistence_pendingGPO_sysmon_13.evtx -> dist\samples\EVTX-ATTACK-SAMPLES\Persistence\persistence_pendingGPO_sysmon_13.evtx
Copied: samples\EVTX-ATTACK-SAMPLES\Persistence\persistence_security_dcshadow_4742.evtx -> dist\samples\EVTX-ATTACK-SAMPLES\Persistence\persistence_security_dcshadow_4742.evtx
Copied: samples\EVTX-ATTACK-SAMPLES\Persistence\Persistence_Shime_Microsoft-Windows-Application-Experience_Program-Telemetry_500.evtx -> dist\samples\EVTX-ATTACK-SAMPLES\Persistence\Persistence_Shime_Microsoft-Windows-Application-Experience_Program-Telemetry_500.evtx
Copied: samples\EVTX-ATTACK-SAMPLES\Persistence\persistence_SilentProcessExit_ImageHijack_sysmon_13_1.evtx -> dist\samples\EVTX-ATTACK-SAMPLES\Persistence\persistence_SilentProcessExit_ImageHijack_sysmon_13_1.evtx
Copied: samples\EVTX-ATTACK-SAMPLES\Persistence\persistence_startup_UserShellStartup_Folder_Changed_sysmon_13.evtx -> dist\samples\EVTX-ATTACK-SAMPLES\Persistence\persistence_startup_UserShellStartup_Folder_Changed_sysmon_13.evtx
Copied: samples\EVTX-ATTACK-SAMPLES\Persistence\persistence_sysmon_11_13_1_shime_appfix.evtx -> dist\samples\EVTX-ATTACK-SAMPLES\Persistence\persistence_sysmon_11_13_1_shime_appfix.evtx
Copied: samples\EVTX-ATTACK-SAMPLES\Persistence\Persistence_Winsock_Catalog Change EventId_1.evtx -> dist\samples\EVTX-ATTACK-SAMPLES\Persistence\Persistence_Winsock_Catalog Change EventId_1.evtx
Copied: samples\EVTX-ATTACK-SAMPLES\Persistence\persist_bitsadmin_Microsoft-Windows-Bits-Client-Operational.evtx -> dist\samples\EVTX-ATTACK-SAMPLES\Persistence\persist_bitsadmin_Microsoft-Windows-Bits-Client-Operational.evtx
Copied: samples\EVTX-ATTACK-SAMPLES\Persistence\persist_firefox_comhijack_sysmon_11_13_7_1.evtx -> dist\samples\EVTX-ATTACK-SAMPLES\Persistence\persist_firefox_comhijack_sysmon_11_13_7_1.evtx
Copied: samples\EVTX-ATTACK-SAMPLES\Persistence\persist_turla_outlook_backdoor_comhijack.evtx -> dist\samples\EVTX-ATTACK-SAMPLES\Persistence\persist_turla_outlook_backdoor_comhijack.evtx
Copied: samples\EVTX-ATTACK-SAMPLES\Persistence\persist_valid_account_guest_rid_hijack.evtx -> dist\samples\EVTX-ATTACK-SAMPLES\Persistence\persist_valid_account_guest_rid_hijack.evtx
Copied: samples\EVTX-ATTACK-SAMPLES\Persistence\sysmon_13_1_persistence_via_winlogon_shell.evtx -> dist\samples\EVTX-ATTACK-SAMPLES\Persistence\sysmon_13_1_persistence_via_winlogon_shell.evtx
Copied: samples\EVTX-ATTACK-SAMPLES\Persistence\sysmon_1_persist_bitsjob_SetNotifyCmdLine.evtx -> dist\samples\EVTX-ATTACK-SAMPLES\Persistence\sysmon_1_persist_bitsjob_SetNotifyCmdLine.evtx
Copied: samples\EVTX-ATTACK-SAMPLES\Persistence\sysmon_1_smss_child_proc_bootexecute_setupexecute.evtx -> dist\samples\EVTX-ATTACK-SAMPLES\Persistence\sysmon_1_smss_child_proc_bootexecute_setupexecute.evtx
Copied: samples\EVTX-ATTACK-SAMPLES\Persistence\sysmon_20_21_1_CommandLineEventConsumer.evtx -> dist\samples\EVTX-ATTACK-SAMPLES\Persistence\sysmon_20_21_1_CommandLineEventConsumer.evtx
Copied: samples\EVTX-ATTACK-SAMPLES\Persistence\sysmon_local_account_creation_and_added_admingroup_12_13.evtx -> dist\samples\EVTX-ATTACK-SAMPLES\Persistence\sysmon_local_account_creation_and_added_admingroup_12_13.evtx
Copied: samples\EVTX-ATTACK-SAMPLES\Persistence\wmighost_sysmon_20_21_1.evtx -> dist\samples\EVTX-ATTACK-SAMPLES\Persistence\wmighost_sysmon_20_21_1.evtx
Copied: samples\EVTX-ATTACK-SAMPLES\Privilege Escalation\4624 LT3 AnonymousLogon Localhost - JuicyPotato.evtx -> dist\samples\EVTX-ATTACK-SAMPLES\Privilege Escalation\4624 LT3 AnonymousLogon Localhost - JuicyPotato.evtx
Copied: samples\EVTX-ATTACK-SAMPLES\Privilege Escalation\4765_sidhistory_add_t1178.evtx -> dist\samples\EVTX-ATTACK-SAMPLES\Privilege Escalation\4765_sidhistory_add_t1178.evtx
Copied: samples\EVTX-ATTACK-SAMPLES\Privilege Escalation\CVE-2020-0796_SMBV3Ghost_LocalPrivEsc_Sysmon_3_1_10.evtx -> dist\samples\EVTX-ATTACK-SAMPLES\Privilege Escalation\CVE-2020-0796_SMBV3Ghost_LocalPrivEsc_Sysmon_3_1_10.evtx
Copied: samples\EVTX-ATTACK-SAMPLES\Privilege Escalation\EfsPotato_sysmon_17_18_privesc_seimpersonate_to_system.evtx -> dist\samples\EVTX-ATTACK-SAMPLES\Privilege Escalation\EfsPotato_sysmon_17_18_privesc_seimpersonate_to_system.evtx
Copied: samples\EVTX-ATTACK-SAMPLES\Privilege Escalation\eop_appcontainer_il_broker_filewrite.evtx -> dist\samples\EVTX-ATTACK-SAMPLES\Privilege Escalation\eop_appcontainer_il_broker_filewrite.evtx
Copied: samples\EVTX-ATTACK-SAMPLES\Privilege Escalation\Invoke_TokenDuplication_UAC_Bypass4624.evtx -> dist\samples\EVTX-ATTACK-SAMPLES\Privilege Escalation\Invoke_TokenDuplication_UAC_Bypass4624.evtx
Copied: samples\EVTX-ATTACK-SAMPLES\Privilege Escalation\NTLM2SelfRelay-med0x2e-security_4624_4688.evtx -> dist\samples\EVTX-ATTACK-SAMPLES\Privilege Escalation\NTLM2SelfRelay-med0x2e-security_4624_4688.evtx
Copied: samples\EVTX-ATTACK-SAMPLES\Privilege Escalation\PrivEsc_CVE-2020-1313_Sysmon_13_UScheduler_Cmdline.evtx -> dist\samples\EVTX-ATTACK-SAMPLES\Privilege Escalation\PrivEsc_CVE-2020-1313_Sysmon_13_UScheduler_Cmdline.evtx
Copied: samples\EVTX-ATTACK-SAMPLES\Privilege Escalation\PrivEsc_Imperson_NetSvc_to_Sys_Decoder_Sysmon_1_17_18.evtx -> dist\samples\EVTX-ATTACK-SAMPLES\Privilege Escalation\PrivEsc_Imperson_NetSvc_to_Sys_Decoder_Sysmon_1_17_18.evtx
Copied: samples\EVTX-ATTACK-SAMPLES\Privilege Escalation\privesc_KrbRelayUp_windows_4624.evtx -> dist\samples\EVTX-ATTACK-SAMPLES\Privilege Escalation\privesc_KrbRelayUp_windows_4624.evtx
Copied: samples\EVTX-ATTACK-SAMPLES\Privilege Escalation\PrivEsc_NetSvc_SessionToken_Retrival_via_localSMB_Auth_5145.evtx -> dist\samples\EVTX-ATTACK-SAMPLES\Privilege Escalation\PrivEsc_NetSvc_SessionToken_Retrival_via_localSMB_Auth_5145.evtx
Copied: samples\EVTX-ATTACK-SAMPLES\Privilege Escalation\privesc_registry_symlink_CVE-2020-1377.evtx -> dist\samples\EVTX-ATTACK-SAMPLES\Privilege Escalation\privesc_registry_symlink_CVE-2020-1377.evtx
Copied: samples\EVTX-ATTACK-SAMPLES\Privilege Escalation\privesc_roguepotato_sysmon_17_18.evtx -> dist\samples\EVTX-ATTACK-SAMPLES\Privilege Escalation\privesc_roguepotato_sysmon_17_18.evtx
Copied: samples\EVTX-ATTACK-SAMPLES\Privilege Escalation\privesc_rotten_potato_from_webshell_metasploit_sysmon_1_8_3.evtx -> dist\samples\EVTX-ATTACK-SAMPLES\Privilege Escalation\privesc_rotten_potato_from_webshell_metasploit_sysmon_1_8_3.evtx
Copied: samples\EVTX-ATTACK-SAMPLES\Privilege Escalation\PrivEsc_SeImpersonatePriv_enabled_back_for_upnp_localsvc_4698.evtx -> dist\samples\EVTX-ATTACK-SAMPLES\Privilege Escalation\PrivEsc_SeImpersonatePriv_enabled_back_for_upnp_localsvc_4698.evtx
Copied: samples\EVTX-ATTACK-SAMPLES\Privilege Escalation\privesc_seimpersonate_tosys_spoolsv_sysmon_17_18.evtx -> dist\samples\EVTX-ATTACK-SAMPLES\Privilege Escalation\privesc_seimpersonate_tosys_spoolsv_sysmon_17_18.evtx
Copied: samples\EVTX-ATTACK-SAMPLES\Privilege Escalation\privesc_spoolfool_mahdihtm_sysmon_1_11_7_13.evtx -> dist\samples\EVTX-ATTACK-SAMPLES\Privilege Escalation\privesc_spoolfool_mahdihtm_sysmon_1_11_7_13.evtx
Copied: samples\EVTX-ATTACK-SAMPLES\Privilege Escalation\privesc_spoolsv_spl_file_write_sysmon11.evtx -> dist\samples\EVTX-ATTACK-SAMPLES\Privilege Escalation\privesc_spoolsv_spl_file_write_sysmon11.evtx
Copied: samples\EVTX-ATTACK-SAMPLES\Privilege Escalation\privesc_sysmon_cve_20201030_spooler.evtx -> dist\samples\EVTX-ATTACK-SAMPLES\Privilege Escalation\privesc_sysmon_cve_20201030_spooler.evtx
Copied: samples\EVTX-ATTACK-SAMPLES\Privilege Escalation\privesc_unquoted_svc_sysmon_1_11.evtx -> dist\samples\EVTX-ATTACK-SAMPLES\Privilege Escalation\privesc_unquoted_svc_sysmon_1_11.evtx
Copied: samples\EVTX-ATTACK-SAMPLES\Privilege Escalation\privexchange_dirkjan.evtx -> dist\samples\EVTX-ATTACK-SAMPLES\Privilege Escalation\privexchange_dirkjan.evtx
Copied: samples\EVTX-ATTACK-SAMPLES\Privilege Escalation\RogueWinRM.evtx -> dist\samples\EVTX-ATTACK-SAMPLES\Privilege Escalation\RogueWinRM.evtx
Copied: samples\EVTX-ATTACK-SAMPLES\Privilege Escalation\Runas_4624_4648_Webshell_CreateProcessAsUserA.evtx -> dist\samples\EVTX-ATTACK-SAMPLES\Privilege Escalation\Runas_4624_4648_Webshell_CreateProcessAsUserA.evtx
Copied: samples\EVTX-ATTACK-SAMPLES\Privilege Escalation\samaccount_spoofing_CVE-2021-42287_CVE-2021-42278_DC_securitylogs.evtx -> dist\samples\EVTX-ATTACK-SAMPLES\Privilege Escalation\samaccount_spoofing_CVE-2021-42287_CVE-2021-42278_DC_securitylogs.evtx
Copied: samples\EVTX-ATTACK-SAMPLES\Privilege Escalation\security_4624_4673_token_manip.evtx -> dist\samples\EVTX-ATTACK-SAMPLES\Privilege Escalation\security_4624_4673_token_manip.evtx
Copied: samples\EVTX-ATTACK-SAMPLES\Privilege Escalation\sysmon_11_1_15_WScriptBypassUAC.evtx -> dist\samples\EVTX-ATTACK-SAMPLES\Privilege Escalation\sysmon_11_1_15_WScriptBypassUAC.evtx
Copied: samples\EVTX-ATTACK-SAMPLES\Privilege Escalation\sysmon_11_1_7_uacbypass_cliconfg.evtx -> dist\samples\EVTX-ATTACK-SAMPLES\Privilege Escalation\sysmon_11_1_7_uacbypass_cliconfg.evtx
Copied: samples\EVTX-ATTACK-SAMPLES\Privilege Escalation\sysmon_11_7_1_uacbypass_windirectory_mocking.evtx -> dist\samples\EVTX-ATTACK-SAMPLES\Privilege Escalation\sysmon_11_7_1_uacbypass_windirectory_mocking.evtx
Copied: samples\EVTX-ATTACK-SAMPLES\Privilege Escalation\sysmon_13_1_12_11_perfmonUACBypass.evtx -> dist\samples\EVTX-ATTACK-SAMPLES\Privilege Escalation\sysmon_13_1_12_11_perfmonUACBypass.evtx
Copied: samples\EVTX-ATTACK-SAMPLES\Privilege Escalation\sysmon_13_1_compmgmtlauncherUACBypass.evtx -> dist\samples\EVTX-ATTACK-SAMPLES\Privilege Escalation\sysmon_13_1_compmgmtlauncherUACBypass.evtx
Copied: samples\EVTX-ATTACK-SAMPLES\Privilege Escalation\sysmon_13_1_meterpreter_getsystem_NamedPipeImpersonation.evtx -> dist\samples\EVTX-ATTACK-SAMPLES\Privilege Escalation\sysmon_13_1_meterpreter_getsystem_NamedPipeImpersonation.evtx
Copied: samples\EVTX-ATTACK-SAMPLES\Privilege Escalation\Sysmon_13_1_UACBypass_SDCLTBypass.evtx -> dist\samples\EVTX-ATTACK-SAMPLES\Privilege Escalation\Sysmon_13_1_UACBypass_SDCLTBypass.evtx
Copied: samples\EVTX-ATTACK-SAMPLES\Privilege Escalation\Sysmon_13_1_UAC_Bypass_EventVwrBypass.evtx -> dist\samples\EVTX-ATTACK-SAMPLES\Privilege Escalation\Sysmon_13_1_UAC_Bypass_EventVwrBypass.evtx
Copied: samples\EVTX-ATTACK-SAMPLES\Privilege Escalation\sysmon_1_11_exec_as_system_via_schedtask.evtx -> dist\samples\EVTX-ATTACK-SAMPLES\Privilege Escalation\sysmon_1_11_exec_as_system_via_schedtask.evtx
Copied: samples\EVTX-ATTACK-SAMPLES\Privilege Escalation\sysmon_1_13_11_cmstp_ini_uacbypass.evtx -> dist\samples\EVTX-ATTACK-SAMPLES\Privilege Escalation\sysmon_1_13_11_cmstp_ini_uacbypass.evtx
Copied: samples\EVTX-ATTACK-SAMPLES\Privilege Escalation\sysmon_1_13_UACBypass_AppPath_Control.evtx -> dist\samples\EVTX-ATTACK-SAMPLES\Privilege Escalation\sysmon_1_13_UACBypass_AppPath_Control.evtx
Copied: samples\EVTX-ATTACK-SAMPLES\Privilege Escalation\sysmon_1_7_11_mcx2prov_uacbypass.evtx -> dist\samples\EVTX-ATTACK-SAMPLES\Privilege Escalation\sysmon_1_7_11_mcx2prov_uacbypass.evtx
Copied: samples\EVTX-ATTACK-SAMPLES\Privilege Escalation\sysmon_1_7_11_migwiz.evtx -> dist\samples\EVTX-ATTACK-SAMPLES\Privilege Escalation\sysmon_1_7_11_migwiz.evtx
Copied: samples\EVTX-ATTACK-SAMPLES\Privilege Escalation\sysmon_1_7_11_sysprep_uacbypass.evtx -> dist\samples\EVTX-ATTACK-SAMPLES\Privilege Escalation\sysmon_1_7_11_sysprep_uacbypass.evtx
Copied: samples\EVTX-ATTACK-SAMPLES\Privilege Escalation\sysmon_1_7_elevate_uacbypass_sysprep.evtx -> dist\samples\EVTX-ATTACK-SAMPLES\Privilege Escalation\sysmon_1_7_elevate_uacbypass_sysprep.evtx
Copied: samples\EVTX-ATTACK-SAMPLES\Privilege Escalation\sysmon_privesc_from_admin_to_system_handle_inheritance.evtx -> dist\samples\EVTX-ATTACK-SAMPLES\Privilege Escalation\sysmon_privesc_from_admin_to_system_handle_inheritance.evtx
Copied: samples\EVTX-ATTACK-SAMPLES\Privilege Escalation\sysmon_privesc_psexec_dwell.evtx -> dist\samples\EVTX-ATTACK-SAMPLES\Privilege Escalation\sysmon_privesc_psexec_dwell.evtx
Copied: samples\EVTX-ATTACK-SAMPLES\Privilege Escalation\sysmon_uacbypass_CDSSync_schtask_hijack_byeintegrity5.evtx -> dist\samples\EVTX-ATTACK-SAMPLES\Privilege Escalation\sysmon_uacbypass_CDSSync_schtask_hijack_byeintegrity5.evtx
Copied: samples\EVTX-ATTACK-SAMPLES\Privilege Escalation\Sysmon_UACME_22.evtx -> dist\samples\EVTX-ATTACK-SAMPLES\Privilege Escalation\Sysmon_UACME_22.evtx
Copied: samples\EVTX-ATTACK-SAMPLES\Privilege Escalation\Sysmon_UACME_23.evtx -> dist\samples\EVTX-ATTACK-SAMPLES\Privilege Escalation\Sysmon_UACME_23.evtx
Copied: samples\EVTX-ATTACK-SAMPLES\Privilege Escalation\Sysmon_UACME_30.evtx -> dist\samples\EVTX-ATTACK-SAMPLES\Privilege Escalation\Sysmon_UACME_30.evtx
Copied: samples\EVTX-ATTACK-SAMPLES\Privilege Escalation\Sysmon_UACME_32.evtx -> dist\samples\EVTX-ATTACK-SAMPLES\Privilege Escalation\Sysmon_UACME_32.evtx
Copied: samples\EVTX-ATTACK-SAMPLES\Privilege Escalation\Sysmon_UACME_33.evtx -> dist\samples\EVTX-ATTACK-SAMPLES\Privilege Escalation\Sysmon_UACME_33.evtx
Copied: samples\EVTX-ATTACK-SAMPLES\Privilege Escalation\Sysmon_UACME_34.evtx -> dist\samples\EVTX-ATTACK-SAMPLES\Privilege Escalation\Sysmon_UACME_34.evtx
Copied: samples\EVTX-ATTACK-SAMPLES\Privilege Escalation\Sysmon_UACME_36_FileCreate.evtx -> dist\samples\EVTX-ATTACK-SAMPLES\Privilege Escalation\Sysmon_UACME_36_FileCreate.evtx
Copied: samples\EVTX-ATTACK-SAMPLES\Privilege Escalation\Sysmon_UACME_37_FileCreate.evtx -> dist\samples\EVTX-ATTACK-SAMPLES\Privilege Escalation\Sysmon_UACME_37_FileCreate.evtx
Copied: samples\EVTX-ATTACK-SAMPLES\Privilege Escalation\Sysmon_UACME_38.evtx -> dist\samples\EVTX-ATTACK-SAMPLES\Privilege Escalation\Sysmon_UACME_38.evtx
Copied: samples\EVTX-ATTACK-SAMPLES\Privilege Escalation\Sysmon_UACME_39.evtx -> dist\samples\EVTX-ATTACK-SAMPLES\Privilege Escalation\Sysmon_UACME_39.evtx
Copied: samples\EVTX-ATTACK-SAMPLES\Privilege Escalation\Sysmon_UACME_41.evtx -> dist\samples\EVTX-ATTACK-SAMPLES\Privilege Escalation\Sysmon_UACME_41.evtx
Copied: samples\EVTX-ATTACK-SAMPLES\Privilege Escalation\Sysmon_UACME_43.evtx -> dist\samples\EVTX-ATTACK-SAMPLES\Privilege Escalation\Sysmon_UACME_43.evtx
Copied: samples\EVTX-ATTACK-SAMPLES\Privilege Escalation\Sysmon_UACME_45.evtx -> dist\samples\EVTX-ATTACK-SAMPLES\Privilege Escalation\Sysmon_UACME_45.evtx
Copied: samples\EVTX-ATTACK-SAMPLES\Privilege Escalation\Sysmon_UACME_53.evtx -> dist\samples\EVTX-ATTACK-SAMPLES\Privilege Escalation\Sysmon_UACME_53.evtx
Copied: samples\EVTX-ATTACK-SAMPLES\Privilege Escalation\Sysmon_UACME_54.evtx -> dist\samples\EVTX-ATTACK-SAMPLES\Privilege Escalation\Sysmon_UACME_54.evtx
Copied: samples\EVTX-ATTACK-SAMPLES\Privilege Escalation\Sysmon_UACME_56.evtx -> dist\samples\EVTX-ATTACK-SAMPLES\Privilege Escalation\Sysmon_UACME_56.evtx
Copied: samples\EVTX-ATTACK-SAMPLES\Privilege Escalation\Sysmon_uacme_58.evtx -> dist\samples\EVTX-ATTACK-SAMPLES\Privilege Escalation\Sysmon_uacme_58.evtx
Copied: samples\EVTX-ATTACK-SAMPLES\Privilege Escalation\Sysmon_UACME_63.evtx -> dist\samples\EVTX-ATTACK-SAMPLES\Privilege Escalation\Sysmon_UACME_63.evtx
Copied: samples\EVTX-ATTACK-SAMPLES\Privilege Escalation\Sysmon_UACME_64.evtx -> dist\samples\EVTX-ATTACK-SAMPLES\Privilege Escalation\Sysmon_UACME_64.evtx
Copied: samples\EVTX-ATTACK-SAMPLES\Privilege Escalation\System_7045_namedpipe_privesc.evtx -> dist\samples\EVTX-ATTACK-SAMPLES\Privilege Escalation\System_7045_namedpipe_privesc.evtx
Copied: samples\EVTX-ATTACK-SAMPLES\Privilege Escalation\UACME_59_Sysmon.evtx -> dist\samples\EVTX-ATTACK-SAMPLES\Privilege Escalation\UACME_59_Sysmon.evtx
Copied: samples\EVTX-ATTACK-SAMPLES\Privilege Escalation\UACME_61_Changepk.evtx -> dist\samples\EVTX-ATTACK-SAMPLES\Privilege Escalation\UACME_61_Changepk.evtx
Copied: samples\EVTX-ATTACK-SAMPLES\Privilege Escalation\win10_4703_SeDebugPrivilege_enabled.evtx -> dist\samples\EVTX-ATTACK-SAMPLES\Privilege Escalation\win10_4703_SeDebugPrivilege_enabled.evtx
Copied: samples\EVTX-ATTACK-SAMPLES\UACME_59_Sysmon.evtx -> dist\samples\EVTX-ATTACK-SAMPLES\UACME_59_Sysmon.evtx
Copied: C:\Users\User\Desktop\Masters FYP\alienx-desktop\src\wasm\evtx_wasm.js -> C:\Users\User\Desktop\Masters FYP\alienx-desktop\dist\wasm\evtx_wasm.js
Copied: C:\Users\User\Desktop\Masters FYP\alienx-desktop\src\wasm\evtx_wasm.js -> C:\Users\User\Desktop\Masters FYP\alienx-desktop\public\wasm\evtx_wasm.js
Copied: C:\Users\User\Desktop\Masters FYP\alienx-desktop\src\wasm\evtx_wasm_bg.wasm -> C:\Users\User\Desktop\Masters FYP\alienx-desktop\dist\wasm\evtx_wasm_bg.wasm
Copied: C:\Users\User\Desktop\Masters FYP\alienx-desktop\src\wasm\evtx_wasm_bg.wasm -> C:\Users\User\Desktop\Masters FYP\alienx-desktop\public\wasm\evtx_wasm_bg.wasm
